I'm sorry, but errors were detected in your script. Please correct the
errors listed below, and try again.


File "game/script.rpy", line 702: expected menuitem
    if constelation == 4:
    ^

Ren'Py Version: Ren'Py 7.4.1.1270
Tue Feb  9 03:00:03 2021
